C51 COMPILER V9.51   UART                                                                  08/28/2024 00:03:05 PAGE 1   


C51 COMPILER V9.51, COMPILATION OF MODULE UART
OBJECT MODULE PLACED IN uart.OBJ
COMPILER INVOKED BY: C:\Keil\C51\BIN\C51.EXE uart.c BROWSE DEBUG OBJECTEXTEND TABS(2)

line level    source

   1          #include<STC15F2K60S2.h>
   2          #include<intrins.h>
   3          #define uchar unsigned char
   4          #define uint unsigned int
   5          
   6          #define cstFocs      11059200L
   7          #define cstBaud1     9600
   8          
   9          sbit sbtBeep = P3 ^ 4;
  10          
  11          bit btBeepFlag;
  12          
  13          static char buffer[32];
  14          char ptr  = 0;
  15          
  16          unsigned pitch;
  17          unsigned tick;
  18          unsigned char bias;
  19          unsigned char tickcnt = 0;
  20          void T0_Process() interrupt 1
  21          {
  22   1          if(btBeepFlag){
  23   2            tick = pitch;
  24   2          }     
  25   1          P00 = 0x0;
  26   1          if(tickcnt % (256 / bias) == 0){
  27   2            tick += 1;
  28   2            P0 = 0x1;
  29   2          }
  30   1          
  31   1          
  32   1          TH0 = ( 65535 - tick ) / 256;
  33   1          TL0 = ( 65535 - tick ) % 256;
  34   1          
  35   1          if( btBeepFlag)
  36   1          {
  37   2              sbtBeep = ~sbtBeep;
  38   2          }
  39   1          else
  40   1              sbtBeep = 0;      
  41   1          
  42   1          tickcnt++;
  43   1      }
  44          
  45          
  46          
  47          void Uart1_Init( void )
  48          {
  49   1          AUXR = 0X80; //辅助寄存器 此时定时器0的速度是传统的12倍，不分频
  50   1          SCON |= 0X50; //允许接收
  51   1          TL1 = ( 65536 - ( cstFocs / 4 / cstBaud1 ) );
  52   1          TH1 = ( 65536 - ( cstFocs / 4 / cstBaud1 ) ) >> 8;
  53   1          AUXR |= 0X40; //辅助寄存器 此时定时器1的速度是传统的12倍，不分频
  54   1          RI = 0;      //接收中断标志位
  55   1          TI = 0;      //发送中断标志位
C51 COMPILER V9.51   UART                                                                  08/28/2024 00:03:05 PAGE 2   

  56   1          TR1 = 1;     //启动定时器1
  57   1          ES = 1;      //串口中断允许位
  58   1          EA = 1;      //总中断允许位
  59   1          PS = 1 ;    //串口1中断高优先级
  60   1      }
  61          
  62          
  63          
  64          void Uart1_Process() interrupt 4 using 1
  65          {
  66   1          if(RI)
  67   1          {
  68   2              RI = 0;
  69   2              if(SBUF == 0xFF)ptr = -2;
  70   2              else if(SBUF == 0xAA && ptr == -2)ptr = -1;
  71   2              else{
  72   3                buffer[++ptr] = SBUF;
  73   3                if(ptr == 4){
  74   4                  pitch = ((unsigned)buffer[0]<<8) + ((unsigned)buffer[1] & 0xff);
  75   4                  btBeepFlag  = buffer[2]& 0x1 ;
  76   4                  bias = buffer[3];
  77   4                  ptr = -2;
  78   4                  
  79   4                  tickcnt = 0;
  80   4                }
  81   3              }
  82   2              //P00 = bias >= 31;
  83   2              //P01 = bias >= 63;
  84   2              //P02 = bias >= 95;
  85   2              //P03 = bias >= 127;
  86   2              //P04 = bias >= 159;
  87   2              //P05 = bias >= 191;
  88   2              //P06 = bias >= 223;
  89   2              //P07 = bias >= 255;
  90   2          }
  91   1      
  92   1      }
  93          
  94          void Init()
  95          {
  96   1          btBeepFlag = 0;
  97   1          P3M0 = 0x00;
  98   1          P3M1 = 0x00;
  99   1          P2M0 = 0xff;
 100   1          P2M1 = 0x00;
 101   1          P0M0 = 0xff;
 102   1          P0M1 = 0x00;
 103   1      
 104   1          TMOD = 0x01; //定时器0，方式1
 105   1          ET0 = 1; //开启定时器中断
 106   1          TH0 = ( 65535 - 1000 ) / 256;
 107   1          TL0 = ( 65535 - 1000 ) % 256;
 108   1          TR0 = 1; //启动定时器
 109   1          P0 = 0;
 110   1          Uart1_Init();
 111   1      }
 112          
 113          void main()
 114          {
 115   1          Init();
 116   1          while( 1 )
 117   1          {
C51 COMPILER V9.51   UART                                                                  08/28/2024 00:03:05 PAGE 3   

 118   2              
 119   2          }
 120   1      }


MODULE INFORMATION:   STATIC OVERLAYABLE
   CODE SIZE        =    347    ----
   CONSTANT SIZE    =   ----    ----
   XDATA SIZE       =   ----    ----
   PDATA SIZE       =   ----    ----
   DATA SIZE        =     39    ----
   IDATA SIZE       =   ----    ----
   BIT SIZE         =      1    ----
END OF MODULE INFORMATION.


C51 COMPILATION COMPLETE.  0 WARNING(S),  0 ERROR(S)
